<!doctype html public "-//w3c//dtd html 4.0 transitional//en">
<html><head>
<title>Static Call Graph - [.\Objects\mycm0code.axf]</title></head>
<body><HR>
<H1>Static Call Graph for image .\Objects\mycm0code.axf</H1><HR>
<BR><P>#&#060CALLGRAPH&#062# ARM Linker, 5060528: Last Updated: Sat Sep 30 00:14:03 2017
<BR><P>
<H3>Maximum Stack Usage =          0 bytes + Unknown(Functions without stacksize, Untraceable Function Pointers)</H3><H3>
Call chain for Maximum Stack Depth:</H3>

<P>
<H3>
Functions with no stack information
</H3><UL>
 <LI><a href="#[0]">delay</a>
</UL>
</UL>
<P>
<H3>
Function Pointers
</H3><UL>
 <LI><a href="#[0]">delay</a> from blinkriscme.o(.text) referenced from blinkriscme.o(.text)
</UL>
<P>
<H3>
Global Symbols
</H3>
<P><STRONG><a name="[1]"></a>Reset_Handler</STRONG> (Thumb, 80 bytes, Stack size 0 bytes, blinkriscme.o(.text))
<P>
<H3>
Local Symbols
</H3>
<P><STRONG><a name="[0]"></a>delay</STRONG> (Thumb, 0 bytes, Stack size unknown bytes, blinkriscme.o(.text))
<BR>[Address Reference Count : 1]<UL><LI> blinkriscme.o(.text)
</UL><P>
<H3>
Undefined Global Symbols
</H3><HR></body></html>
